###############################################################################
#
# IAR ELF Linker V7.70.2.11706/W32 for ARM                22/Apr/2017  00:05:45
# Copyright 2007-2016 IAR Systems AB.
#
#    Output file  =  
#        D:\01.Embedded Systems\Amit Project\Tiva\Door Lock System Project
#        small keypad\Debug\Exe\Door Lock System Project.out
#    Map file     =  
#        D:\01.Embedded Systems\Amit Project\Tiva\Door Lock System Project
#        small keypad\Debug\List\Door Lock System Project.map
#    Command line =  
#        "D:\01.Embedded Systems\Amit Project\Tiva\Door Lock System Project
#        small keypad\Debug\Obj\cstartup_M.o" "D:\01.Embedded Systems\Amit
#        Project\Tiva\Door Lock System Project small keypad\Debug\Obj\delay.o"
#        "D:\01.Embedded Systems\Amit Project\Tiva\Door Lock System Project
#        small keypad\Debug\Obj\keypad.o" "D:\01.Embedded Systems\Amit
#        Project\Tiva\Door Lock System Project small keypad\Debug\Obj\lcd.o"
#        "D:\01.Embedded Systems\Amit Project\Tiva\Door Lock System Project
#        small keypad\Debug\Obj\main.o" "D:\01.Embedded Systems\Amit
#        Project\Tiva\Door Lock System Project small keypad\Debug\Obj\spi.o"
#        "D:\01.Embedded Systems\Amit Project\Tiva\Door Lock System Project
#        small keypad\Debug\Obj\timer.o" "D:\01.Embedded Systems\Amit
#        Project\Tiva\Door Lock System Project small keypad\Debug\Obj\uart_5.o"
#        -o "D:\01.Embedded Systems\Amit Project\Tiva\Door Lock System Project
#        small keypad\Debug\Exe\Door Lock System Project.out" --redirect
#        _Printf=_PrintfFull --redirect _Scanf=_ScanfFull --map "D:\01.Embedded
#        Systems\Amit Project\Tiva\Door Lock System Project small
#        keypad\Debug\List\Door Lock System Project.map" --config "C:\Program
#        Files (x86)\IAR Systems\Embedded Workbench
#        7.5\arm\config\linker\TexasInstruments\TM4C123GH6.icf" --semihosting
#        C:\ti\TivaWare_C_Series-2.1.3.156\driverlib\ewarm\Exe\driverlib.a
#        --entry __iar_program_start --vfe
#
###############################################################################

*******************************************************************************
*** RUNTIME MODEL ATTRIBUTES
***

CppFlavor       = *
__Heap_Handler  = DLMalloc
__SystemLibrary = DLib


*******************************************************************************
*** PLACEMENT SUMMARY
***

"A0":  place at 0x00000000 { ro section .intvec };
"P1":  place in [from 0x00000000 to 0x0003ffff] { ro };
"P2":  place in [from 0x20000000 to 0x20007fff] { rw, block CSTACK, block HEAP };
initialize by copy { rw };

  Section            Kind        Address    Size  Object
  -------            ----        -------    ----  ------
"A0":                                       0xa0
  .intvec            const    0x00000000    0xa0  cstartup_M.o [1]
                            - 0x000000a0    0xa0

"P1":                                     0x627c
  .text              ro code  0x000000a0  0x1dd0  main.o [1]
  .text              ro code  0x00001e70    0xec  timer.o [1]
  .text              ro code  0x00001f5c    0xa8  spi.o [1]
  .text              ro code  0x00002004   0x480  keypad.o [1]
  .text              ro code  0x00002484   0x15c  uart_5.o [1]
  .text              ro code  0x000025e0   0x4fe  lcd.o [1]
  .text              ro code  0x00002ade    0x1a  xsnprout.o [3]
  .text              ro code  0x00002af8    0x66  ABImemset.o [6]
  .text              ro code  0x00002b5e     0x2  cstartup_M.o [1]
  .text              ro code  0x00002b60     0xe  delay.o [1]
  .text              ro code  0x00002b6e     0x2  cstartup_M.o [1]
  .text              ro code  0x00002b70    0x62  memcmp_unaligned.o [6]
  .text              ro code  0x00002bd2     0x2  cstartup_M.o [1]
  .text              ro code  0x00002bd4   0x2d8  sysctl.o [4]
  .text              ro code  0x00002eac   0x214  gpio.o [4]
  .text              ro code  0x000030c0    0x7c  pwm.o [4]
  .text              ro code  0x0000313c    0x30  I32ToDbl.o [5]
  .text              ro code  0x0000316c   0x1a2  DblMul.o [5]
  .text              ro code  0x0000330e     0x2  cstartup_M.o [1]
  .text              ro code  0x00003310    0x2e  DblCmpLe.o [5]
  .text              ro code  0x0000333e     0x2  cstartup_M.o [1]
  .text              ro code  0x00003340    0x58  DblToI32.o [5]
  .text              ro code  0x00003398    0x4e  FltToDbl.o [5]
  .text              ro code  0x000033e6     0x2  cstartup_M.o [1]
  .text              ro code  0x000033e8    0xe8  DblAdd.o [5]
  .text              ro code  0x000034d0    0x44  snprintf.o [3]
  .text              ro code  0x00003514  0x14f4  dlmalloc.o [3]
  .text              ro code  0x00004a08   0x180  DblSub.o [5]
  .text              ro code  0x00004b88   0xdca  xprintffull.o [3]
  .text              ro code  0x00005952     0x6  abort.o [3]
  .text              ro code  0x00005958    0x2c  xgetmemchunk.o [3]
  .text              ro code  0x00005984    0x16  strchr.o [6]
  .text              ro code  0x0000599a     0x2  cstartup_M.o [1]
  .text              ro code  0x0000599c    0x36  strlen.o [6]
  .text              ro code  0x000059d2     0x2  cstartup_M.o [1]
  .text              ro code  0x000059d4    0x58  memchr.o [6]
  .text              ro code  0x00005a2c    0xee  I64DivMod.o [6]
  .text              ro code  0x00005b1a     0x2  cstartup_M.o [1]
  .text              ro code  0x00005b1c    0x76  ABImemcpy_unaligned.o [6]
  .text              ro code  0x00005b92    0x44  xdnorm.o [5]
  .text              ro code  0x00005bd8    0x2e  DblCmpGe.o [5]
  .text              ro code  0x00005c08   0x114  xdscale.o [5]
  .text              ro code  0x00005d1c   0x256  DblDiv.o [5]
  .text              ro code  0x00005f72     0xe  div.o [3]
  .text              ro code  0x00005f80    0x14  exit.o [7]
  .text              ro code  0x00005f94     0x2  I64DivZer.o [6]
  .text              ro code  0x00005f96    0x40  zero_init3.o [6]
  .text              ro code  0x00005fd6    0x2c  copy_init3.o [6]
  .text              ro code  0x00006004    0x28  data_init.o [6]
  .text              ro code  0x0000602c    0x22  fpinit_M.o [5]
  .iar.init_table    const    0x00006050    0x24  - Linker created -
  .text              ro code  0x00006074    0x1a  cmain.o [6]
  .text              ro code  0x0000608e     0x4  low_level_init.o [3]
  .text              ro code  0x00006092     0x4  exit.o [3]
  .text              ro code  0x00006098     0xa  cexit.o [6]
  .rodata            const    0x000060a4    0x18  main.o [1]
  .rodata            const    0x000060bc    0x18  main.o [1]
  .rodata            const    0x000060d4    0x18  main.o [1]
  .rodata            const    0x000060ec    0x14  main.o [1]
  .rodata            const    0x00006100    0x14  main.o [1]
  .rodata            const    0x00006114    0x14  main.o [1]
  .rodata            const    0x00006128    0x14  main.o [1]
  .rodata            const    0x0000613c    0x14  main.o [1]
  .rodata            const    0x00006150    0x14  main.o [1]
  .rodata            const    0x00006164    0x14  main.o [1]
  .rodata            const    0x00006178    0x14  main.o [1]
  .rodata            const    0x0000618c    0x14  main.o [1]
  .rodata            const    0x000061a0    0x14  main.o [1]
  .rodata            const    0x000061b4    0x14  main.o [1]
  .rodata            const    0x000061c8    0x10  keypad.o [1]
  .rodata            const    0x000061d8    0x10  main.o [1]
  .rodata            const    0x000061e8    0x10  main.o [1]
  .rodata            const    0x000061f8    0x10  main.o [1]
  .rodata            const    0x00006208    0x10  main.o [1]
  .rodata            const    0x00006218    0x10  main.o [1]
  .rodata            const    0x00006228    0x10  main.o [1]
  .rodata            const    0x00006238    0x10  main.o [1]
  .rodata            const    0x00006248    0x10  main.o [1]
  .rodata            const    0x00006258    0x10  main.o [1]
  .rodata            const    0x00006268    0x10  main.o [1]
  .rodata            const    0x00006278    0x10  main.o [1]
  .text              ro code  0x00006288    0x10  cstartup_M.o [1]
  .rodata            const    0x00006298     0xc  main.o [1]
  .rodata            const    0x000062a4     0xc  main.o [1]
  .rodata            const    0x000062b0     0xc  main.o [1]
  .rodata            const    0x000062bc     0xc  main.o [1]
  .rodata            const    0x000062c8     0xc  main.o [1]
  .rodata            const    0x000062d4     0xc  main.o [1]
  .rodata            const    0x000062e0     0xc  main.o [1]
  .rodata            const    0x000062ec     0x8  main.o [1]
  .rodata            const    0x000062f4     0x8  main.o [1]
  .rodata            const    0x000062fc     0x8  main.o [1]
  .rodata            const    0x00006304     0x8  main.o [1]
  .rodata            const    0x0000630c     0x8  main.o [1]
  Initializer bytes  const    0x00006314     0x8  <for P2-1>
  .rodata            const    0x0000631c     0x0  zero_init3.o [6]
  .rodata            const    0x0000631c     0x0  copy_init3.o [6]
                            - 0x0000631c  0x627c

"P2", part 1 of 3:                           0x8
  P2-1                        0x20000000     0x8  <Init block>
    .data            inited   0x20000000     0x4  main.o [1]
    .data            inited   0x20000004     0x4  main.o [1]
                            - 0x20000008     0x8

"P2", part 2 of 3:                        0x3000
  CSTACK                      0x20000008  0x1000  <Block>
    CSTACK           uninit   0x20000008  0x1000  <Block tail>
  HEAP                        0x20001008  0x2000  <Block>
    HEAP             uninit   0x20001008  0x2000  <Block tail>
                            - 0x20003008  0x3000

"P2", part 3 of 3:                         0x200
  .bss               zero     0x20003008   0x1d8  dlmalloc.o [3]
  .bss               zero     0x200031e0    0x18  dlmalloc.o [3]
  .bss               zero     0x200031f8     0x8  main.o [1]
  .bss               zero     0x20003200     0x4  xgetmemchunk.o [3]
  .bss               zero     0x20003204     0x2  main.o [1]
  .bss               zero     0x20003206     0x1  main.o [1]
  .bss               zero     0x20003207     0x1  main.o [1]
                            - 0x20003208   0x200


*******************************************************************************
*** INIT TABLE
***

          Address     Size
          -------     ----
Zero (__iar_zero_init3)
    1 destination range, total size 0x200:
          0x20003008  0x200

Copy (__iar_copy_init3)
    1 source range, total size 0x8:
          0x00006314    0x8
    1 destination range, total size 0x8:
          0x20000000    0x8



*******************************************************************************
*** MODULE SUMMARY
***

    Module                 ro code  ro data  rw data
    ------                 -------  -------  -------
D:\01.Embedded Systems\Amit Project\Tiva\Door Lock System Project small keypad\Debug\Obj: [1]
    cstartup_M.o                34      160
    delay.o                     14
    keypad.o                 1 152       16
    lcd.o                    1 278
    main.o                   7 632      600       20
    spi.o                      168
    timer.o                    236
    uart_5.o                   348
    ------------------------------------------------
    Total:                  10 862      776       20

command line: [2]
    ------------------------------------------------
    Total:

dl7M_tln.a: [3]
    abort.o                      6
    div.o                       14
    dlmalloc.o               5 364               496
    exit.o                       4
    low_level_init.o             4
    snprintf.o                  68
    xgetmemchunk.o              44                 4
    xprintffull.o            3 530
    xsnprout.o                  26
    ------------------------------------------------
    Total:                   9 060               500

driverlib.a: [4]
    gpio.o                     532
    pwm.o                      124
    sysctl.o                   728
    ------------------------------------------------
    Total:                   1 384

m7M_tls.a: [5]
    DblAdd.o                   232
    DblCmpGe.o                  46
    DblCmpLe.o                  46
    DblDiv.o                   598
    DblMul.o                   418
    DblSub.o                   384
    DblToI32.o                  88
    FltToDbl.o                  78
    I32ToDbl.o                  48
    fpinit_M.o                  34
    xdnorm.o                    68
    xdscale.o                  276
    ------------------------------------------------
    Total:                   2 316

rt7M_tl.a: [6]
    ABImemcpy_unaligned.o      118
    ABImemset.o                102
    I64DivMod.o                238
    I64DivZer.o                  2
    cexit.o                     10
    cmain.o                     26
    copy_init3.o                44
    data_init.o                 40
    memchr.o                    88
    memcmp_unaligned.o          98
    strchr.o                    22
    strlen.o                    54
    zero_init3.o                64
    ------------------------------------------------
    Total:                     906

shb_l.a: [7]
    exit.o                      20
    ------------------------------------------------
    Total:                      20

    Gaps                         8        4
    Linker created                       36   12 288
----------------------------------------------------
    Grand Total:            24 556      816   12 808


*******************************************************************************
*** ENTRY LIST
***

Entry                      Address    Size  Type      Object
-----                      -------    ----  ----      ------
.iar.init_table$$Base   0x00006050           --   Gb  - Linker created -
.iar.init_table$$Limit  0x00006074           --   Gb  - Linker created -
?main                   0x00006075          Code  Gb  cmain.o [6]
BusFault_Handler        0x0000330f     0x2  Code  Wk  cstartup_M.o [1]
CSTACK$$Base            0x20000008           --   Gb  - Linker created -
CSTACK$$Limit           0x20001008           --   Gb  - Linker created -
DebugMon_Handler        0x0000599b     0x2  Code  Wk  cstartup_M.o [1]
GPIODirModeSet          0x00002ead    0x28  Code  Gb  gpio.o [4]
GPIOPadConfigSet        0x00002ed5    0xfe  Code  Gb  gpio.o [4]
GPIOPinConfigure        0x00002ff3    0x38  Code  Gb  gpio.o [4]
GPIOPinTypePWM          0x00002fd7    0x14  Code  Gb  gpio.o [4]
HEAP$$Base              0x20001008           --   Gb  - Linker created -
HEAP$$Limit             0x20003008           --   Gb  - Linker created -
Haramy                  0x00001c63    0x22  Code  Gb  main.o [1]
HardFault_Handler       0x00002b6f     0x2  Code  Wk  cstartup_M.o [1]
LoadInt                 0x00005129    0x6e  Code  Lc  xprintffull.o [3]
MemManage_Handler       0x00002bd3     0x2  Code  Wk  cstartup_M.o [1]
NMI_Handler             0x00002b5f     0x2  Code  Wk  cstartup_M.o [1]
PWMGenConfigure         0x000030c1    0x2c  Code  Gb  pwm.o [4]
PWMGenEnable            0x00003101     0x6  Code  Gb  pwm.o [4]
PWMGenPeriodSet         0x000030ed    0x14  Code  Gb  pwm.o [4]
PWMOutputState          0x0000312b    0x12  Code  Gb  pwm.o [4]
PWMPulseWidthSet        0x00003107    0x1c  Code  Gb  pwm.o [4]
PendSV_Handler          0x000059d3     0x2  Code  Wk  cstartup_M.o [1]
Region$$Table$$Base     0x00006050           --   Gb  - Linker created -
Region$$Table$$Limit    0x00006074           --   Gb  - Linker created -
SVC_Handler             0x000033e7     0x2  Code  Wk  cstartup_M.o [1]
SysCtlClockGet          0x00002cd1   0x110  Code  Gb  sysctl.o [4]
SysCtlClockSet          0x00002bf9    0xd8  Code  Gb  sysctl.o [4]
SysCtlDelay             0x00002bf1     0x8  Code  Gb  sysctl.o [4]
SysCtlPWMClockSet       0x00002de1     0xa  Code  Gb  sysctl.o [4]
SysCtlPeripheralEnable  0x00002bd5     0x8  Code  Gb  sysctl.o [4]
SysTick_Handler         0x00005b1b     0x2  Code  Wk  cstartup_M.o [1]
UART_Read_5             0x00002547    0x10  Code  Gb  uart_5.o [1]
UART_Write_5            0x00002537    0x10  Code  Gb  uart_5.o [1]
UsageFault_Handler      0x0000333f     0x2  Code  Wk  cstartup_M.o [1]
_GenldFull              0x000056a1   0x26a  Code  Lc  xprintffull.o [3]
_LdtobFull              0x000052a1   0x3fa  Code  Lc  xprintffull.o [3]
_LitobFull              0x00005197   0x10a  Code  Lc  xprintffull.o [3]
_PrintfFull             0x00004b89   0x59a  Code  Gb  xprintffull.o [3]
_PutcharsFull           0x0000590b    0x2e  Code  Lc  xprintffull.o [3]
_SNProut                0x00002adf    0x1a  Code  Gb  xsnprout.o [3]
__aeabi_cdcmple         0x00003311          Code  Gb  DblCmpLe.o [5]
__aeabi_cdrcmple        0x00005bd9          Code  Gb  DblCmpGe.o [5]
__aeabi_d2iz            0x00003341          Code  Gb  DblToI32.o [5]
__aeabi_d2uiz           0x0000336d          Code  Gb  DblToI32.o [5]
__aeabi_dadd            0x000033e9          Code  Gb  DblAdd.o [5]
__aeabi_ddiv            0x00005d1d          Code  Gb  DblDiv.o [5]
__aeabi_dmul            0x0000316d          Code  Gb  DblMul.o [5]
__aeabi_dsub            0x00004a09          Code  Gb  DblSub.o [5]
__aeabi_f2d             0x00003399          Code  Gb  FltToDbl.o [5]
__aeabi_i2d             0x0000313d          Code  Gb  I32ToDbl.o [5]
__aeabi_ldiv0           0x00005f95          Code  Gb  I64DivZer.o [6]
__aeabi_memset          0x00002af9          Code  Gb  ABImemset.o [6]
__aeabi_ui2d            0x00003151          Code  Gb  I32ToDbl.o [5]
__aeabi_uldivmod        0x00005a2d          Code  Gb  I64DivMod.o [6]
__cmain                 0x00006075          Code  Gb  cmain.o [6]
__data_GetMemChunk      0x00005959    0x2c  Code  Gb  xgetmemchunk.o [3]
__data_GetMemChunk::start
                        0x20003200     0x4  Data  Lc  xgetmemchunk.o [3]
__exit                  0x00005f81    0x14  Code  Gb  exit.o [7]
__iar_Dnorm             0x00005b93    0x44  Code  Gb  xdnorm.o [5]
__iar_Dscale            0x00005c09   0x114  Code  Gb  xdscale.o [5]
__iar_Memchr            0x000059d5          Code  Gb  memchr.o [6]
__iar_Memset            0x00002af9          Code  Gb  ABImemset.o [6]
__iar_Memset_word       0x00002b01          Code  Gb  ABImemset.o [6]
__iar_Strchr            0x00005985          Code  Gb  strchr.o [6]
__iar_copy_init3        0x00005fd7    0x2c  Code  Gb  copy_init3.o [6]
__iar_d2uiz             0x00003379          Code  Gb  DblToI32.o [5]
__iar_dadd              0x000033fd          Code  Gb  DblAdd.o [5]
__iar_data_init3        0x00006005    0x28  Code  Gb  data_init.o [6]
__iar_dlfree            0x000044e7   0x51a  Code  Gb  dlmalloc.o [3]
__iar_dlmalloc          0x00004231   0x2aa  Code  Gb  dlmalloc.o [3]
__iar_dsub              0x00004a1d          Code  Gb  DblSub.o [5]
__iar_dsubStart         0x00004a2f          Code  Gb  DblSub.o [5]
__iar_init_vfp          0x0000602d          Code  Gb  fpinit_M.o [5]
__iar_program_start     0x00006289    0x10  Code  Gb  cstartup_M.o [1]
__iar_ui2d              0x00003155          Code  Gb  I32ToDbl.o [5]
__iar_unaligned___aeabi_memcpy
                        0x00005b1d          Code  Gb  ABImemcpy_unaligned.o [6]
__iar_unaligned___aeabi_memcpy4
                        0x00005b3d          Code  Gb  ABImemcpy_unaligned.o [6]
__iar_unaligned___aeabi_memcpy8
                        0x00005b3d          Code  Gb  ABImemcpy_unaligned.o [6]
__iar_unaligned_memcmp  0x00002b71          Code  Gb  memcmp_unaligned.o [6]
__iar_zero_init3        0x00005f97    0x40  Code  Gb  zero_init3.o [6]
__low_level_init        0x0000608f     0x4  Code  Gb  low_level_init.o [3]
__vector_table          0x00000000    0xa0  Data  Gb  cstartup_M.o [1]
_call_main              0x00006081          Code  Gb  cmain.o [6]
_exit                   0x00006099          Code  Gb  cexit.o [6]
_gm_                    0x20003008   0x1d8  Data  Lc  dlmalloc.o [3]
_main                   0x0000608b          Code  Gb  cmain.o [6]
abort                   0x00005953     0x6  Code  Gb  abort.o [3]
buff                    0x20003206     0x1  Data  Gb  main.o [1]
buff1                   0x20003207     0x1  Data  Gb  main.o [1]
cLCDGotoXY              0x000029e1    0x30  Code  Gb  lcd.o [1]
cLCDShowInt             0x00002a63    0x7c  Code  Gb  lcd.o [1]
close                   0x00001da5    0x5c  Code  Gb  main.o [1]
delay                   0x00002b61     0xe  Code  Gb  delay.o [1]
delayMS                 0x00001c99    0x18  Code  Gb  main.o [1]
div                     0x00005f73     0xe  Code  Gb  div.o [3]
duty                    0x20000004     0x4  Data  Gb  main.o [1]
exit                    0x00006093     0x4  Code  Gb  exit.o [3]
g_pui32GPIOBaseAddrs    0x00003030    0x90  Data  Lc  gpio.o [4]
g_pui32Xtals            0x00002e40    0x6c  Data  Lc  sysctl.o [4]
i                       0x20003204     0x2  Data  Gb  main.o [1]
init_mparams            0x00003531    0x32  Code  Lc  dlmalloc.o [3]
init_top                0x00003563    0x34  Code  Lc  dlmalloc.o [3]
keypad_Characters       0x000061c8    0x10  Data  Gb  keypad.o [1]
main                    0x000000a1  0x1b4e  Code  Gb  main.o [1]
memchr                  0x000059d5          Code  Gb  memchr.o [6]
mparams                 0x200031e0    0x18  Data  Lc  dlmalloc.o [3]
open                    0x00001d31    0x6a  Code  Gb  main.o [1]
password                0x200031f8     0x8  Data  Gb  main.o [1]
period                  0x20000000     0x4  Data  Gb  main.o [1]
prepend_alloc           0x00003597   0x372  Code  Lc  dlmalloc.o [3]
segment_holding         0x00003515    0x1c  Code  Lc  dlmalloc.o [3]
servo_init              0x00001cb1    0x68  Code  Gb  main.o [1]
snprintf                0x000034d1    0x44  Code  Gb  snprintf.o [3]
spi_init                0x00001f5d    0x66  Code  Gb  spi.o [1]
spi_tranceiver          0x00001fc3    0x16  Code  Gb  spi.o [1]
start_timer_40s         0x00001eaf    0x1a  Code  Gb  timer.o [1]
stop_timer_40s          0x00001ec9     0xe  Code  Gb  timer.o [1]
strchr                  0x00005985          Code  Gb  strchr.o [6]
strlen                  0x0000599d          Code  Gb  strlen.o [6]
sys_alloc               0x00003909   0x388  Code  Lc  dlmalloc.o [3]
timer_init              0x00001e71    0x3e  Code  Gb  timer.o [1]
timer_init_2            0x00001ed7    0x4c  Code  Gb  timer.o [1]
tmalloc_large           0x00003c9d   0x380  Code  Lc  dlmalloc.o [3]
tmalloc_small           0x0000401d   0x206  Code  Lc  dlmalloc.o [3]
uart_init_5             0x00002485    0xb2  Code  Gb  uart_5.o [1]
uart_write_int_5        0x0000256d    0x38  Code  Gb  uart_5.o [1]
uart_write_string_5     0x00002557    0x16  Code  Gb  uart_5.o [1]
ucKeypadScan            0x000022d3   0x134  Code  Gb  keypad.o [1]
ucKeypadScanTail        0x00001bf5    0x52  Code  Gb  main.o [1]
ucKeypadScanTail_2      0x00001c47    0x1c  Code  Gb  main.o [1]
vKeyPadTM4C123GPinsInit
                        0x00002005   0x236  Code  Lc  keypad.o [1]
vKeypadInit             0x0000223b    0x98  Code  Gb  keypad.o [1]
vLCDClearDisplay        0x00002a51    0x12  Code  Gb  lcd.o [1]
vLCDInit                0x000027ab   0x104  Code  Gb  lcd.o [1]
vLCDWrite               0x00002941    0xa0  Code  Lc  lcd.o [1]
vLCDWriteCharacter      0x000028cd    0x3a  Code  Gb  lcd.o [1]
vLCDWriteInstruction    0x00002907    0x3a  Code  Lc  lcd.o [1]
vLCDWriteString         0x000028af    0x1e  Code  Gb  lcd.o [1]
vLcdTM4C123GPinsInit    0x000025e1   0x1ca  Code  Lc  lcd.o [1]


[1] = D:\01.Embedded Systems\Amit Project\Tiva\Door Lock System Project small keypad\Debug\Obj
[2] = command line
[3] = dl7M_tln.a
[4] = driverlib.a
[5] = m7M_tls.a
[6] = rt7M_tl.a
[7] = shb_l.a

  24 556 bytes of readonly  code memory
     816 bytes of readonly  data memory
  12 808 bytes of readwrite data memory

Errors: none
Warnings: none
